// Jest Snapshot v1, https://goo.gl/fbAQLP

exports[`introscreen component should run a test to check 1`] = `<introscreen />`;
